TAP version 13
# Subtest: real EIP-712 verification precedes ranking; caps, invalid signatures, expiry and OOD excluded
ok 1 - real EIP-712 verification precedes ranking; caps, invalid signatures, expiry and OOD excluded
  ---
  duration_ms: 119.0547
  type: 'test'
  ...
# Subtest: menu rejection and scope checks do not produce an authorized purchase
ok 2 - menu rejection and scope checks do not produce an authorized purchase
  ---
  duration_ms: 5.7262
  type: 'test'
  ...
# Subtest: fixed anchors prevent unrelated menu offers changing an existing feature vector
ok 3 - fixed anchors prevent unrelated menu offers changing an existing feature vector
  ---
  duration_ms: 4.2602
  type: 'test'
  ...
# Subtest: fee control requires verified causal fee failure, and adds only a scoped quote requirement
ok 4 - fee control requires verified causal fee failure, and adds only a scoped quote requirement
  ---
  duration_ms: 38.852
  type: 'test'
  ...
# Subtest: no control from tampered evidence, high base price, unapproved hardening, or unrelated budget failure
ok 5 - no control from tampered evidence, high base price, unapproved hardening, or unrelated budget failure
  ---
  duration_ms: 32.7762
  type: 'test'
  ...
# Subtest: late async response cannot cross an epoch boundary or change the new posterior
ok 6 - late async response cannot cross an epoch boundary or change the new posterior
  ---
  duration_ms: 15.762
  type: 'test'
  ...
# Subtest: old model, policy, proposal and stale worker fail against the independent active epoch
ok 7 - old model, policy, proposal and stale worker fail against the independent active epoch
  ---
  duration_ms: 7.5143
  type: 'test'
  ...
# Subtest: active epoch survives database reopen and blocks rollback across independent connections
ok 8 - active epoch survives database reopen and blocks rollback across independent connections
  ---
  duration_ms: 54.6014
  type: 'test'
  ...
# Subtest: hand calculation: one choice yields masses 1/6, 1/3, 1/2 and mean 2/3
ok 9 - hand calculation: one choice yields masses 1/6, 1/3, 1/2 and mean 2/3
  ---
  duration_ms: 7.661
  type: 'test'
  ...
# Subtest: binary softmax from APReL and weighted entropy formula match independently
ok 10 - binary softmax from APReL and weighted entropy formula match independently
  ---
  duration_ms: 3.7887
  type: 'test'
  ...
# Subtest: unidentifiable comparisons carry no evidence; conflicting choices remain symmetric
ok 11 - unidentifiable comparisons carry no evidence; conflicting choices remain symmetric
  ---
  duration_ms: 2.9151
  type: 'test'
  ...
# Subtest: idempotency, conflicting replay, unauthorized sources and scope are rejected
ok 12 - idempotency, conflicting replay, unauthorized sources and scope are rejected
  ---
  duration_ms: 2.838
  type: 'test'
  ...
# Subtest: source label alone does not multiply the update and reversing presentation preserves posterior
ok 13 - source label alone does not multiply the update and reversing presentation preserves posterior
  ---
  duration_ms: 0.9087
  type: 'test'
  ...
# Subtest: retraction replays original prior; saved events reconstruct the same posterior
ok 14 - retraction replays original prior; saved events reconstruct the same posterior
  ---
  duration_ms: 2.9026
  type: 'test'
  ...
# Subtest: only compatible frozen same-user parent transfers; child never updates parent
ok 15 - only compatible frozen same-user parent transfers; child never updates parent
  ---
  duration_ms: 7.8569
  type: 'test'
  ...
# Subtest: query selection excludes repeats and zero-information pairs
ok 16 - query selection excludes repeats and zero-information pairs
  ---
  duration_ms: 27.9022
  type: 'test'
  ...
# Subtest: skip is not a negative label
ok 17 - skip is not a negative label
  ---
  duration_ms: 0.7939
  type: 'test'
  ...
# Subtest: answer ignores supplied vectors and returned query copies cannot change saved presentation
ok 18 - answer ignores supplied vectors and returned query copies cannot change saved presentation
  ---
  duration_ms: 1.0919
  type: 'test'
  ...
# Subtest: regret-based decision gates cannot authorize payment, even after opt-in
ok 19 - regret-based decision gates cannot authorize payment, even after opt-in
  ---
  duration_ms: 1.8852
  type: 'test'
  ...
# Subtest: malformed data and unsupported numerical settings are rejected
ok 20 - malformed data and unsupported numerical settings are rejected
  ---
  duration_ms: 0.7704
  type: 'test'
  ...
# Subtest: log-space update recovers tiny hypotheses after long contrary evidence
ok 21 - log-space update recovers tiny hypotheses after long contrary evidence
  ---
  duration_ms: 1006.8089
  type: 'test'
  ...
# Subtest: weights-only information ignores pure beta learning and never exceeds joint information
ok 22 - weights-only information ignores pure beta learning and never exceeds joint information
  ---
  duration_ms: 8.5289
  type: 'test'
  ...
# Subtest: caller must choose question objective; a beta-only comparison is not a weight-information question
ok 23 - caller must choose question objective; a beta-only comparison is not a weight-information question
  ---
  duration_ms: 1.7236
  type: 'test'
  ...
# Subtest: explicit preference change clears old posterior, invalidates queries and old approval epoch
ok 24 - explicit preference change clears old posterior, invalidates queries and old approval epoch
  ---
  duration_ms: 6.9542
  type: 'test'
  ...
# Subtest: beginning a new epoch discards inherited old preference rather than silently transferring it
ok 25 - beginning a new epoch discards inherited old preference rather than silently transferring it
  ---
  duration_ms: 2.1878
  type: 'test'
  ...
# Subtest: paired bootstrap matches by subject identity, retains exact zero, and rejects missing subjects
ok 26 - paired bootstrap matches by subject identity, retains exact zero, and rejects missing subjects
  ---
  duration_ms: 7.722
  type: 'test'
  ...
1..26
# tests 26
# suites 0
# pass 26
# fail 0
# cancelled 0
# skipped 0
# todo 0
# duration_ms 1293.4821
