Input #0, mov,mp4,m4a,3gp,3g2,mj2, from 'C:\Users\user\Downloads\Furiosa x Bricksum\artifacts\deal-escrow\research\agent-deal-escrow-demo.ko.mp4':
  Metadata:
    major_brand     : isom
    minor_version   : 512
    compatible_brands: isomiso2avc1mp41
    encoder         : Lavf61.7.100
  Duration: 00:02:36.56, start: 0.000000, bitrate: 200 kb/s
  Stream #0:0[0x1](eng): Video: h264 (High) (avc1 / 0x31637661), yuv420p(tv, bt470bg/unknown/unknown, progressive), 1440x1000 [SAR 1:1 DAR 36:25], 125 kb/s, 25 fps, 25 tbr, 12800 tbn (default)
      Metadata:
        handler_name    : VideoHandler
        vendor_id       : [0][0][0][0]
        encoder         : Lavc61.19.100 libx264
  Stream #0:1[0x2](und): Audio: aac (LC) (mp4a / 0x6134706D), 22050 Hz, mono, fltp, 70 kb/s (default)
      Metadata:
        handler_name    : SoundHandler
        vendor_id       : [0][0][0][0]
[Parsed_volumedetect_0 @ 000001e821720e40] n_samples: 0
Stream mapping:
  Stream #0:0 -> #0:0 (h264 (native) -> wrapped_avframe (native))
  Stream #0:1 -> #0:1 (aac (native) -> pcm_s16le (native))
Press [q] to stop, [?] for help
Output #0, null, to 'pipe:':
  Metadata:
    major_brand     : isom
    minor_version   : 512
    compatible_brands: isomiso2avc1mp41
    encoder         : Lavf61.7.100
  Stream #0:0(eng): Video: wrapped_avframe, yuv420p(tv, bt470bg/unknown/unknown, progressive), 1440x1000 [SAR 1:1 DAR 36:25], q=2-31, 200 kb/s, 25 fps, 25 tbn (default)
      Metadata:
        handler_name    : VideoHandler
        vendor_id       : [0][0][0][0]
        encoder         : Lavc61.19.100 wrapped_avframe
  Stream #0:1(und): Audio: pcm_s16le, 22050 Hz, mono, s16, 352 kb/s (default)
      Metadata:
        handler_name    : SoundHandler
        vendor_id       : [0][0][0][0]
        encoder         : Lavc61.19.100 pcm_s16le
frame= 1197 fps=0.0 q=-0.0 size=N/A time=00:00:47.88 bitrate=N/A speed=91.9x    frame= 2465 fps=2381 q=-0.0 size=N/A time=00:01:38.56 bitrate=N/A speed=95.2x    frame= 3696 fps=2391 q=-0.0 size=N/A time=00:02:27.84 bitrate=N/A speed=95.6x    [Parsed_volumedetect_0 @ 000001e821d1d540] n_samples: 3443712
[Parsed_volumedetect_0 @ 000001e821d1d540] mean_volume: -20.9 dB
[Parsed_volumedetect_0 @ 000001e821d1d540] max_volume: -3.7 dB
[Parsed_volumedetect_0 @ 000001e821d1d540] histogram_3db: 11
[Parsed_volumedetect_0 @ 000001e821d1d540] histogram_4db: 126
[Parsed_volumedetect_0 @ 000001e821d1d540] histogram_5db: 559
[Parsed_volumedetect_0 @ 000001e821d1d540] histogram_6db: 2051
[Parsed_volumedetect_0 @ 000001e821d1d540] histogram_7db: 6202
[out#0/null @ 000001e821722640] video:1682KiB audio:6726KiB subtitle:0KiB other streams:0KiB global headers:0KiB muxing overhead: unknown
frame= 3914 fps=2393 q=-0.0 Lsize=N/A time=00:02:36.17 bitrate=N/A speed=95.5x    
